2026-04-28 21:33:58,375 | INFO | Opponent setup: num_bot_envs=24, first-six=[2 randomBiasedAI, 2 lightRushAI, 2 workerRushAI], extra=coacAI
2026-04-28 21:33:58,375 | INFO | Observation shape: (16, 16, 27)
2026-04-28 21:33:58,375 | INFO | Action nvec: [256, 6, 4, 4, 4, 4, 7, 49]
2026-04-28 21:33:58,375 | INFO | Actor branch sizes: [6, 4, 4, 4, 4, 7, 49] (sum=78)
2026-04-28 21:34:16,482 | INFO | update=1/17 global_step=6144 lr=0.00025 sps=355
2026-04-28 21:34:33,728 | INFO | update=2/17 global_step=12288 lr=0.000235294 sps=355
2026-04-28 21:34:51,240 | INFO | update=3/17 global_step=18432 lr=0.000220588 sps=354
2026-04-28 21:34:52,876 | INFO | Saved checkpoint: C:\Projects\UnityRTSPrototype\UnityRTSPrototype\WEEK5R\gridnet_reference_parity_sweeps\rp_ab_01\B_reference_24env_16x16\B_reference_24env_16x16_20260428T143356Z\checkpoints\agent_step_000020000.pt
2026-04-28 21:34:52,880 | INFO | Running gridnet actor-level evaluator: C:\Projects\UnityRTSPrototype\UnityRTSPrototype\python\week5_teacher\.venv_day2_py39\Scripts\python.exe C:\Projects\UnityRTSPrototype\UnityRTSPrototype\python\week5_teacher_gridnet\evaluate_gridnet_actor_level.py --checkpoint C:\Projects\UnityRTSPrototype\UnityRTSPrototype\WEEK5R\gridnet_reference_parity_sweeps\rp_ab_01\B_reference_24env_16x16\B_reference_24env_16x16_20260428T143356Z\checkpoints\agent_step_000020000.pt --model-metadata C:\Projects\UnityRTSPrototype\UnityRTSPrototype\WEEK5R\gridnet_reference_parity_sweeps\rp_ab_01\B_reference_24env_16x16\B_reference_24env_16x16_20260428T143356Z\model_metadata.json --episodes 4 --max-steps 256 --effective-steps 100 --seed 1 --map-path maps/16x16/basesWorkers16x16.xml --output-json C:\Projects\UnityRTSPrototype\UnityRTSPrototype\WEEK5R\gridnet_reference_parity_sweeps\rp_ab_01\B_reference_24env_16x16\B_reference_24env_16x16_20260428T143356Z\gate_or_eval_reports\eval_agent_step_000020000.json --output-md C:\Projects\UnityRTSPrototype\UnityRTSPrototype\WEEK5R\gridnet_reference_parity_sweeps\rp_ab_01\B_reference_24env_16x16\B_reference_24env_16x16_20260428T143356Z\gate_or_eval_reports\eval_agent_step_000020000.md --device cpu
2026-04-28 21:35:12,903 | INFO | update=4/17 global_step=24576 lr=0.000205882 sps=333
2026-04-28 21:35:30,036 | INFO | update=5/17 global_step=30720 lr=0.000191176 sps=338
2026-04-28 21:35:47,389 | INFO | update=6/17 global_step=36864 lr=0.000176471 sps=340
2026-04-28 21:36:04,809 | INFO | update=7/17 global_step=43008 lr=0.000161765 sps=342
2026-04-28 21:36:21,906 | INFO | update=8/17 global_step=49152 lr=0.000147059 sps=344
2026-04-28 21:36:22,791 | INFO | Saved checkpoint: C:\Projects\UnityRTSPrototype\UnityRTSPrototype\WEEK5R\gridnet_reference_parity_sweeps\rp_ab_01\B_reference_24env_16x16\B_reference_24env_16x16_20260428T143356Z\checkpoints\agent_step_000050000.pt
2026-04-28 21:36:22,791 | INFO | Running gridnet actor-level evaluator: C:\Projects\UnityRTSPrototype\UnityRTSPrototype\python\week5_teacher\.venv_day2_py39\Scripts\python.exe C:\Projects\UnityRTSPrototype\UnityRTSPrototype\python\week5_teacher_gridnet\evaluate_gridnet_actor_level.py --checkpoint C:\Projects\UnityRTSPrototype\UnityRTSPrototype\WEEK5R\gridnet_reference_parity_sweeps\rp_ab_01\B_reference_24env_16x16\B_reference_24env_16x16_20260428T143356Z\checkpoints\agent_step_000050000.pt --model-metadata C:\Projects\UnityRTSPrototype\UnityRTSPrototype\WEEK5R\gridnet_reference_parity_sweeps\rp_ab_01\B_reference_24env_16x16\B_reference_24env_16x16_20260428T143356Z\model_metadata.json --episodes 4 --max-steps 256 --effective-steps 100 --seed 1 --map-path maps/16x16/basesWorkers16x16.xml --output-json C:\Projects\UnityRTSPrototype\UnityRTSPrototype\WEEK5R\gridnet_reference_parity_sweeps\rp_ab_01\B_reference_24env_16x16\B_reference_24env_16x16_20260428T143356Z\gate_or_eval_reports\eval_agent_step_000050000.json --output-md C:\Projects\UnityRTSPrototype\UnityRTSPrototype\WEEK5R\gridnet_reference_parity_sweeps\rp_ab_01\B_reference_24env_16x16\B_reference_24env_16x16_20260428T143356Z\gate_or_eval_reports\eval_agent_step_000050000.md --device cpu
2026-04-28 21:36:43,722 | INFO | update=9/17 global_step=55296 lr=0.000132353 sps=336
2026-04-28 21:37:01,176 | INFO | update=10/17 global_step=61440 lr=0.000117647 sps=337
2026-04-28 21:37:18,463 | INFO | update=11/17 global_step=67584 lr=0.000102941 sps=339
2026-04-28 21:37:35,626 | INFO | update=12/17 global_step=73728 lr=8.82353e-05 sps=340
2026-04-28 21:37:52,928 | INFO | update=13/17 global_step=79872 lr=7.35294e-05 sps=341
2026-04-28 21:38:10,385 | INFO | update=14/17 global_step=86016 lr=5.88235e-05 sps=342
2026-04-28 21:38:27,644 | INFO | update=15/17 global_step=92160 lr=4.41176e-05 sps=343
2026-04-28 21:38:45,014 | INFO | update=16/17 global_step=98304 lr=2.94118e-05 sps=343
2026-04-28 21:38:46,735 | INFO | Saved checkpoint: C:\Projects\UnityRTSPrototype\UnityRTSPrototype\WEEK5R\gridnet_reference_parity_sweeps\rp_ab_01\B_reference_24env_16x16\B_reference_24env_16x16_20260428T143356Z\checkpoints\agent_step_000100000.pt
2026-04-28 21:38:46,735 | INFO | Running gridnet actor-level evaluator: C:\Projects\UnityRTSPrototype\UnityRTSPrototype\python\week5_teacher\.venv_day2_py39\Scripts\python.exe C:\Projects\UnityRTSPrototype\UnityRTSPrototype\python\week5_teacher_gridnet\evaluate_gridnet_actor_level.py --checkpoint C:\Projects\UnityRTSPrototype\UnityRTSPrototype\WEEK5R\gridnet_reference_parity_sweeps\rp_ab_01\B_reference_24env_16x16\B_reference_24env_16x16_20260428T143356Z\checkpoints\agent_step_000100000.pt --model-metadata C:\Projects\UnityRTSPrototype\UnityRTSPrototype\WEEK5R\gridnet_reference_parity_sweeps\rp_ab_01\B_reference_24env_16x16\B_reference_24env_16x16_20260428T143356Z\model_metadata.json --episodes 4 --max-steps 256 --effective-steps 100 --seed 1 --map-path maps/16x16/basesWorkers16x16.xml --output-json C:\Projects\UnityRTSPrototype\UnityRTSPrototype\WEEK5R\gridnet_reference_parity_sweeps\rp_ab_01\B_reference_24env_16x16\B_reference_24env_16x16_20260428T143356Z\gate_or_eval_reports\eval_agent_step_000100000.json --output-md C:\Projects\UnityRTSPrototype\UnityRTSPrototype\WEEK5R\gridnet_reference_parity_sweeps\rp_ab_01\B_reference_24env_16x16\B_reference_24env_16x16_20260428T143356Z\gate_or_eval_reports\eval_agent_step_000100000.md --device cpu
2026-04-28 21:39:06,604 | INFO | update=17/17 global_step=104448 lr=1.47059e-05 sps=339
2026-04-28 21:39:06,608 | INFO | Running gridnet actor-level evaluator: C:\Projects\UnityRTSPrototype\UnityRTSPrototype\python\week5_teacher\.venv_day2_py39\Scripts\python.exe C:\Projects\UnityRTSPrototype\UnityRTSPrototype\python\week5_teacher_gridnet\evaluate_gridnet_actor_level.py --checkpoint C:\Projects\UnityRTSPrototype\UnityRTSPrototype\WEEK5R\gridnet_reference_parity_sweeps\rp_ab_01\B_reference_24env_16x16\B_reference_24env_16x16_20260428T143356Z\agent_final.pt --model-metadata C:\Projects\UnityRTSPrototype\UnityRTSPrototype\WEEK5R\gridnet_reference_parity_sweeps\rp_ab_01\B_reference_24env_16x16\B_reference_24env_16x16_20260428T143356Z\model_metadata.json --episodes 4 --max-steps 256 --effective-steps 100 --seed 1 --map-path maps/16x16/basesWorkers16x16.xml --output-json C:\Projects\UnityRTSPrototype\UnityRTSPrototype\WEEK5R\gridnet_reference_parity_sweeps\rp_ab_01\B_reference_24env_16x16\B_reference_24env_16x16_20260428T143356Z\gate_or_eval_reports\eval_agent_final.json --output-md C:\Projects\UnityRTSPrototype\UnityRTSPrototype\WEEK5R\gridnet_reference_parity_sweeps\rp_ab_01\B_reference_24env_16x16\B_reference_24env_16x16_20260428T143356Z\gate_or_eval_reports\eval_agent_final.md --device cpu
2026-04-28 21:39:11,073 | INFO | Training finished. Final model: C:\Projects\UnityRTSPrototype\UnityRTSPrototype\WEEK5R\gridnet_reference_parity_sweeps\rp_ab_01\B_reference_24env_16x16\B_reference_24env_16x16_20260428T143356Z\agent_final.pt
2026-04-28 21:39:11,073 | INFO | Run summary: C:\Projects\UnityRTSPrototype\UnityRTSPrototype\WEEK5R\gridnet_reference_parity_sweeps\rp_ab_01\B_reference_24env_16x16\B_reference_24env_16x16_20260428T143356Z\summary.md
