C:\Projects\UnityRTSPrototype\UnityRTSPrototype\python\stage7b_mlagents\.venv_mlagents\lib\site-packages\torch\__init__.py:696: UserWarning: torch.set_default_tensor_type() is deprecated as of PyTorch 2.1, please use torch.set_default_dtype() and torch.set_default_device() as alternatives. (Triggered internally at C:\actions-runner\_work\pytorch\pytorch\builder\windows\pytorch\torch\csrc\tensor\python_tensor.cpp:453.)
  _C._set_default_tensor_type(t)
C:\Projects\UnityRTSPrototype\UnityRTSPrototype\python\stage7b_mlagents\.venv_mlagents\lib\site-packages\torch\__init__.py:696: UserWarning: torch.set_default_tensor_type() is deprecated as of PyTorch 2.1, please use torch.set_default_dtype() and torch.set_default_device() as alternatives. (Triggered internally at C:\actions-runner\_work\pytorch\pytorch\builder\windows\pytorch\torch\csrc\tensor\python_tensor.cpp:453.)
  _C._set_default_tensor_type(t)
Traceback (most recent call last):
  File "C:\Users\grozo\AppData\Local\Programs\Python\Python39\lib\runpy.py", line 197, in _run_module_as_main
    return _run_code(code, main_globals, None,
  File "C:\Users\grozo\AppData\Local\Programs\Python\Python39\lib\runpy.py", line 87, in _run_code
    exec(code, run_globals)
  File "C:\Projects\UnityRTSPrototype\UnityRTSPrototype\python\stage7b_mlagents\.venv_mlagents\Scripts\mlagents-learn.exe\__main__.py", line 5, in <module>
  File "C:\Projects\UnityRTSPrototype\UnityRTSPrototype\python\stage7b_mlagents\.venv_mlagents\lib\site-packages\mlagents\trainers\learn.py", line 264, in main
    run_cli(parse_command_line())
  File "C:\Projects\UnityRTSPrototype\UnityRTSPrototype\python\stage7b_mlagents\.venv_mlagents\lib\site-packages\mlagents\trainers\learn.py", line 260, in run_cli
    run_training(run_seed, options, num_areas)
  File "C:\Projects\UnityRTSPrototype\UnityRTSPrototype\python\stage7b_mlagents\.venv_mlagents\lib\site-packages\mlagents\trainers\learn.py", line 136, in run_training
    tc.start_learning(env_manager)
  File "C:\Projects\UnityRTSPrototype\UnityRTSPrototype\python\stage7b_mlagents\.venv_mlagents\lib\site-packages\mlagents_envs\timers.py", line 305, in wrapped
    return func(*args, **kwargs)
  File "C:\Projects\UnityRTSPrototype\UnityRTSPrototype\python\stage7b_mlagents\.venv_mlagents\lib\site-packages\mlagents\trainers\trainer_controller.py", line 172, in start_learning
    self._reset_env(env_manager)
  File "C:\Projects\UnityRTSPrototype\UnityRTSPrototype\python\stage7b_mlagents\.venv_mlagents\lib\site-packages\mlagents_envs\timers.py", line 305, in wrapped
    return func(*args, **kwargs)
  File "C:\Projects\UnityRTSPrototype\UnityRTSPrototype\python\stage7b_mlagents\.venv_mlagents\lib\site-packages\mlagents\trainers\trainer_controller.py", line 105, in _reset_env
    env_manager.reset(config=new_config)
  File "C:\Projects\UnityRTSPrototype\UnityRTSPrototype\python\stage7b_mlagents\.venv_mlagents\lib\site-packages\mlagents\trainers\env_manager.py", line 68, in reset
    self.first_step_infos = self._reset_env(config)
  File "C:\Projects\UnityRTSPrototype\UnityRTSPrototype\python\stage7b_mlagents\.venv_mlagents\lib\site-packages\mlagents\trainers\subprocess_env_manager.py", line 446, in _reset_env
    ew.previous_step = EnvironmentStep(ew.recv().payload, ew.worker_id, {}, {})
  File "C:\Projects\UnityRTSPrototype\UnityRTSPrototype\python\stage7b_mlagents\.venv_mlagents\lib\site-packages\mlagents\trainers\subprocess_env_manager.py", line 101, in recv
    raise env_exception
mlagents_envs.exception.UnityTimeOutException: The Unity environment took too long to respond. Make sure that :
	 The environment does not need user interaction to launch
	 The Agents' Behavior Parameters > Behavior Type is set to "Default"
	 The environment and the Python interface have compatible versions.
	 If you're running on a headless server without graphics support, turn off display by either passing --no-graphics option or build your Unity executable as server build.
