2026-04-28 19:11:06,457 | INFO | Opponent setup: num_bot_envs=6, first-six=[2 randomBiasedAI, 2 lightRushAI, 2 workerRushAI], extra=coacAI
2026-04-28 19:11:06,458 | INFO | Observation shape: (24, 24, 27)
2026-04-28 19:11:06,458 | INFO | Action nvec: [576, 6, 4, 4, 4, 4, 7, 49]
2026-04-28 19:11:06,458 | INFO | Actor branch sizes: [6, 4, 4, 4, 4, 7, 49] (sum=78)
2026-04-28 19:11:19,202 | INFO | update=1/66 global_step=1536 lr=0.00025 sps=128
2026-04-28 19:11:30,415 | INFO | update=2/66 global_step=3072 lr=0.000246212 sps=132
2026-04-28 19:11:42,397 | INFO | update=3/66 global_step=4608 lr=0.000242424 sps=131
2026-04-28 19:11:54,191 | INFO | update=4/66 global_step=6144 lr=0.000238636 sps=130
2026-04-28 19:12:05,931 | INFO | update=5/66 global_step=7680 lr=0.000234848 sps=130
2026-04-28 19:12:17,502 | INFO | update=6/66 global_step=9216 lr=0.000231061 sps=131
2026-04-28 19:12:29,234 | INFO | update=7/66 global_step=10752 lr=0.000227273 sps=131
2026-04-28 19:12:41,388 | INFO | update=8/66 global_step=12288 lr=0.000223485 sps=130
2026-04-28 19:12:53,693 | INFO | update=9/66 global_step=13824 lr=0.000219697 sps=129
2026-04-28 19:13:05,477 | INFO | update=10/66 global_step=15360 lr=0.000215909 sps=129
2026-04-28 19:13:16,883 | INFO | update=11/66 global_step=16896 lr=0.000212121 sps=130
2026-04-28 19:13:28,161 | INFO | update=12/66 global_step=18432 lr=0.000208333 sps=130
2026-04-28 19:13:41,555 | INFO | update=13/66 global_step=19968 lr=0.000204545 sps=129
2026-04-28 19:13:41,649 | INFO | Saved checkpoint: C:\Projects\UnityRTSPrototype\UnityRTSPrototype\WEEK5R\gridnet_teacher_runs\gridnet_fresh_100k_v2_20260428T191104Z\checkpoints\agent_step_000020000.pt
2026-04-28 19:13:41,650 | INFO | Running gridnet actor-level evaluator: C:\Projects\UnityRTSPrototype\UnityRTSPrototype\python\week5_teacher\.venv_day2_py39\Scripts\python.exe C:\Projects\UnityRTSPrototype\UnityRTSPrototype\python\week5_teacher_gridnet\evaluate_gridnet_actor_level.py --checkpoint C:\Projects\UnityRTSPrototype\UnityRTSPrototype\WEEK5R\gridnet_teacher_runs\gridnet_fresh_100k_v2_20260428T191104Z\checkpoints\agent_step_000020000.pt --model-metadata C:\Projects\UnityRTSPrototype\UnityRTSPrototype\WEEK5R\gridnet_teacher_runs\gridnet_fresh_100k_v2_20260428T191104Z\model_metadata.json --episodes 4 --max-steps 256 --effective-steps 100 --seed 1 --map-path maps/24x24/basesWorkers24x24.xml --output-json C:\Projects\UnityRTSPrototype\UnityRTSPrototype\WEEK5R\gridnet_teacher_runs\gridnet_fresh_100k_v2_20260428T191104Z\gate_or_eval_reports\eval_agent_step_000020000.json --output-md C:\Projects\UnityRTSPrototype\UnityRTSPrototype\WEEK5R\gridnet_teacher_runs\gridnet_fresh_100k_v2_20260428T191104Z\gate_or_eval_reports\eval_agent_step_000020000.md --device cpu
2026-04-28 19:13:59,142 | INFO | update=14/66 global_step=21504 lr=0.000200758 sps=125
2026-04-28 19:14:10,995 | INFO | update=15/66 global_step=23040 lr=0.00019697 sps=125
2026-04-28 19:14:22,571 | INFO | update=16/66 global_step=24576 lr=0.000193182 sps=125
2026-04-28 19:14:34,624 | INFO | update=17/66 global_step=26112 lr=0.000189394 sps=125
2026-04-28 19:14:46,700 | INFO | update=18/66 global_step=27648 lr=0.000185606 sps=125
2026-04-28 19:14:58,528 | INFO | update=19/66 global_step=29184 lr=0.000181818 sps=126
2026-04-28 19:15:10,413 | INFO | update=20/66 global_step=30720 lr=0.00017803 sps=126
2026-04-28 19:15:22,431 | INFO | update=21/66 global_step=32256 lr=0.000174242 sps=126
2026-04-28 19:15:36,198 | INFO | update=22/66 global_step=33792 lr=0.000170455 sps=125
2026-04-28 19:15:48,191 | INFO | update=23/66 global_step=35328 lr=0.000166667 sps=125
2026-04-28 19:15:58,947 | INFO | update=24/66 global_step=36864 lr=0.000162879 sps=126
2026-04-28 19:16:09,973 | INFO | update=25/66 global_step=38400 lr=0.000159091 sps=126
2026-04-28 19:16:22,111 | INFO | update=26/66 global_step=39936 lr=0.000155303 sps=126
2026-04-28 19:16:33,535 | INFO | update=27/66 global_step=41472 lr=0.000151515 sps=127
2026-04-28 19:16:45,226 | INFO | update=28/66 global_step=43008 lr=0.000147727 sps=127
2026-04-28 19:16:55,820 | INFO | update=29/66 global_step=44544 lr=0.000143939 sps=127
2026-04-28 19:17:06,253 | INFO | update=30/66 global_step=46080 lr=0.000140152 sps=128
2026-04-28 19:17:17,247 | INFO | update=31/66 global_step=47616 lr=0.000136364 sps=128
2026-04-28 19:17:28,083 | INFO | update=32/66 global_step=49152 lr=0.000132576 sps=129
2026-04-28 19:17:30,214 | INFO | Saved checkpoint: C:\Projects\UnityRTSPrototype\UnityRTSPrototype\WEEK5R\gridnet_teacher_runs\gridnet_fresh_100k_v2_20260428T191104Z\checkpoints\agent_step_000050000.pt
2026-04-28 19:17:30,215 | INFO | Running gridnet actor-level evaluator: C:\Projects\UnityRTSPrototype\UnityRTSPrototype\python\week5_teacher\.venv_day2_py39\Scripts\python.exe C:\Projects\UnityRTSPrototype\UnityRTSPrototype\python\week5_teacher_gridnet\evaluate_gridnet_actor_level.py --checkpoint C:\Projects\UnityRTSPrototype\UnityRTSPrototype\WEEK5R\gridnet_teacher_runs\gridnet_fresh_100k_v2_20260428T191104Z\checkpoints\agent_step_000050000.pt --model-metadata C:\Projects\UnityRTSPrototype\UnityRTSPrototype\WEEK5R\gridnet_teacher_runs\gridnet_fresh_100k_v2_20260428T191104Z\model_metadata.json --episodes 4 --max-steps 256 --effective-steps 100 --seed 1 --map-path maps/24x24/basesWorkers24x24.xml --output-json C:\Projects\UnityRTSPrototype\UnityRTSPrototype\WEEK5R\gridnet_teacher_runs\gridnet_fresh_100k_v2_20260428T191104Z\gate_or_eval_reports\eval_agent_step_000050000.json --output-md C:\Projects\UnityRTSPrototype\UnityRTSPrototype\WEEK5R\gridnet_teacher_runs\gridnet_fresh_100k_v2_20260428T191104Z\gate_or_eval_reports\eval_agent_step_000050000.md --device cpu
2026-04-28 19:17:44,732 | INFO | update=33/66 global_step=50688 lr=0.000128788 sps=127
2026-04-28 19:17:55,512 | INFO | update=34/66 global_step=52224 lr=0.000125 sps=127
2026-04-28 19:18:06,320 | INFO | update=35/66 global_step=53760 lr=0.000121212 sps=128
2026-04-28 19:18:17,006 | INFO | update=36/66 global_step=55296 lr=0.000117424 sps=128
2026-04-28 19:18:27,842 | INFO | update=37/66 global_step=56832 lr=0.000113636 sps=128
2026-04-28 19:18:38,679 | INFO | update=38/66 global_step=58368 lr=0.000109848 sps=129
2026-04-28 19:18:49,302 | INFO | update=39/66 global_step=59904 lr=0.000106061 sps=129
2026-04-28 19:18:59,985 | INFO | update=40/66 global_step=61440 lr=0.000102273 sps=129
2026-04-28 19:19:10,618 | INFO | update=41/66 global_step=62976 lr=9.84848e-05 sps=130
2026-04-28 19:19:21,563 | INFO | update=42/66 global_step=64512 lr=9.4697e-05 sps=130
2026-04-28 19:19:32,515 | INFO | update=43/66 global_step=66048 lr=9.09091e-05 sps=130
2026-04-28 19:19:43,009 | INFO | update=44/66 global_step=67584 lr=8.71212e-05 sps=131
2026-04-28 19:19:53,471 | INFO | update=45/66 global_step=69120 lr=8.33333e-05 sps=131
2026-04-28 19:20:03,865 | INFO | update=46/66 global_step=70656 lr=7.95455e-05 sps=131
2026-04-28 19:20:14,101 | INFO | update=47/66 global_step=72192 lr=7.57576e-05 sps=132
2026-04-28 19:20:24,335 | INFO | update=48/66 global_step=73728 lr=7.19697e-05 sps=132
2026-04-28 19:20:35,205 | INFO | update=49/66 global_step=75264 lr=6.81818e-05 sps=132
2026-04-28 19:20:45,609 | INFO | update=50/66 global_step=76800 lr=6.43939e-05 sps=132
2026-04-28 19:20:56,556 | INFO | update=51/66 global_step=78336 lr=6.06061e-05 sps=132
2026-04-28 19:21:07,501 | INFO | update=52/66 global_step=79872 lr=5.68182e-05 sps=133
2026-04-28 19:21:18,406 | INFO | update=53/66 global_step=81408 lr=5.30303e-05 sps=133
2026-04-28 19:21:29,198 | INFO | update=54/66 global_step=82944 lr=4.92424e-05 sps=133
2026-04-28 19:21:40,148 | INFO | update=55/66 global_step=84480 lr=4.54545e-05 sps=133
2026-04-28 19:21:51,294 | INFO | update=56/66 global_step=86016 lr=4.16667e-05 sps=133
2026-04-28 19:22:01,956 | INFO | update=57/66 global_step=87552 lr=3.78788e-05 sps=133
2026-04-28 19:22:12,857 | INFO | update=58/66 global_step=89088 lr=3.40909e-05 sps=133
2026-04-28 19:22:23,895 | INFO | update=59/66 global_step=90624 lr=3.0303e-05 sps=133
2026-04-28 19:22:34,385 | INFO | update=60/66 global_step=92160 lr=2.65152e-05 sps=134
2026-04-28 19:22:45,531 | INFO | update=61/66 global_step=93696 lr=2.27273e-05 sps=134
2026-04-28 19:22:56,967 | INFO | update=62/66 global_step=95232 lr=1.89394e-05 sps=134
2026-04-28 19:23:07,628 | INFO | update=63/66 global_step=96768 lr=1.51515e-05 sps=134
2026-04-28 19:23:18,244 | INFO | update=64/66 global_step=98304 lr=1.13636e-05 sps=134
2026-04-28 19:23:28,803 | INFO | update=65/66 global_step=99840 lr=7.57576e-06 sps=134
2026-04-28 19:23:29,202 | INFO | Saved checkpoint: C:\Projects\UnityRTSPrototype\UnityRTSPrototype\WEEK5R\gridnet_teacher_runs\gridnet_fresh_100k_v2_20260428T191104Z\checkpoints\agent_step_000100000.pt
2026-04-28 19:23:29,202 | INFO | Running gridnet actor-level evaluator: C:\Projects\UnityRTSPrototype\UnityRTSPrototype\python\week5_teacher\.venv_day2_py39\Scripts\python.exe C:\Projects\UnityRTSPrototype\UnityRTSPrototype\python\week5_teacher_gridnet\evaluate_gridnet_actor_level.py --checkpoint C:\Projects\UnityRTSPrototype\UnityRTSPrototype\WEEK5R\gridnet_teacher_runs\gridnet_fresh_100k_v2_20260428T191104Z\checkpoints\agent_step_000100000.pt --model-metadata C:\Projects\UnityRTSPrototype\UnityRTSPrototype\WEEK5R\gridnet_teacher_runs\gridnet_fresh_100k_v2_20260428T191104Z\model_metadata.json --episodes 4 --max-steps 256 --effective-steps 100 --seed 1 --map-path maps/24x24/basesWorkers24x24.xml --output-json C:\Projects\UnityRTSPrototype\UnityRTSPrototype\WEEK5R\gridnet_teacher_runs\gridnet_fresh_100k_v2_20260428T191104Z\gate_or_eval_reports\eval_agent_step_000100000.json --output-md C:\Projects\UnityRTSPrototype\UnityRTSPrototype\WEEK5R\gridnet_teacher_runs\gridnet_fresh_100k_v2_20260428T191104Z\gate_or_eval_reports\eval_agent_step_000100000.md --device cpu
2026-04-28 19:23:44,950 | INFO | update=66/66 global_step=101376 lr=3.78788e-06 sps=133
2026-04-28 19:23:44,954 | INFO | Running gridnet actor-level evaluator: C:\Projects\UnityRTSPrototype\UnityRTSPrototype\python\week5_teacher\.venv_day2_py39\Scripts\python.exe C:\Projects\UnityRTSPrototype\UnityRTSPrototype\python\week5_teacher_gridnet\evaluate_gridnet_actor_level.py --checkpoint C:\Projects\UnityRTSPrototype\UnityRTSPrototype\WEEK5R\gridnet_teacher_runs\gridnet_fresh_100k_v2_20260428T191104Z\agent_final.pt --model-metadata C:\Projects\UnityRTSPrototype\UnityRTSPrototype\WEEK5R\gridnet_teacher_runs\gridnet_fresh_100k_v2_20260428T191104Z\model_metadata.json --episodes 4 --max-steps 256 --effective-steps 100 --seed 1 --map-path maps/24x24/basesWorkers24x24.xml --output-json C:\Projects\UnityRTSPrototype\UnityRTSPrototype\WEEK5R\gridnet_teacher_runs\gridnet_fresh_100k_v2_20260428T191104Z\gate_or_eval_reports\eval_agent_final.json --output-md C:\Projects\UnityRTSPrototype\UnityRTSPrototype\WEEK5R\gridnet_teacher_runs\gridnet_fresh_100k_v2_20260428T191104Z\gate_or_eval_reports\eval_agent_final.md --device cpu
2026-04-28 19:23:50,365 | INFO | Training finished. Final model: C:\Projects\UnityRTSPrototype\UnityRTSPrototype\WEEK5R\gridnet_teacher_runs\gridnet_fresh_100k_v2_20260428T191104Z\agent_final.pt
2026-04-28 19:23:50,365 | INFO | Run summary: C:\Projects\UnityRTSPrototype\UnityRTSPrototype\WEEK5R\gridnet_teacher_runs\gridnet_fresh_100k_v2_20260428T191104Z\summary.md
