2026-04-28 21:22:37,326 | INFO | Opponent setup: num_bot_envs=24, first-six=[2 randomBiasedAI, 2 lightRushAI, 2 workerRushAI], extra=coacAI
2026-04-28 21:22:37,327 | INFO | Observation shape: (24, 24, 27)
2026-04-28 21:22:37,327 | INFO | Action nvec: [576, 6, 4, 4, 4, 4, 7, 49]
2026-04-28 21:22:37,327 | INFO | Actor branch sizes: [6, 4, 4, 4, 4, 7, 49] (sum=78)
2026-04-28 21:23:17,910 | INFO | update=1/17 global_step=6144 lr=0.00025 sps=154
2026-04-28 21:23:55,030 | INFO | update=2/17 global_step=12288 lr=0.000235294 sps=160
2026-04-28 21:24:31,866 | INFO | update=3/17 global_step=18432 lr=0.000220588 sps=162
2026-04-28 21:24:34,883 | INFO | Saved checkpoint: C:\Projects\UnityRTSPrototype\UnityRTSPrototype\WEEK5R\gridnet_reference_parity_sweeps\rp_ab_01\A_project_24env_24x24\A_project_24env_24x24_20260428T142235Z\checkpoints\agent_step_000020000.pt
2026-04-28 21:24:34,885 | INFO | Running gridnet actor-level evaluator: C:\Projects\UnityRTSPrototype\UnityRTSPrototype\python\week5_teacher\.venv_day2_py39\Scripts\python.exe C:\Projects\UnityRTSPrototype\UnityRTSPrototype\python\week5_teacher_gridnet\evaluate_gridnet_actor_level.py --checkpoint C:\Projects\UnityRTSPrototype\UnityRTSPrototype\WEEK5R\gridnet_reference_parity_sweeps\rp_ab_01\A_project_24env_24x24\A_project_24env_24x24_20260428T142235Z\checkpoints\agent_step_000020000.pt --model-metadata C:\Projects\UnityRTSPrototype\UnityRTSPrototype\WEEK5R\gridnet_reference_parity_sweeps\rp_ab_01\A_project_24env_24x24\A_project_24env_24x24_20260428T142235Z\model_metadata.json --episodes 4 --max-steps 256 --effective-steps 100 --seed 1 --map-path maps/24x24/basesWorkers24x24.xml --output-json C:\Projects\UnityRTSPrototype\UnityRTSPrototype\WEEK5R\gridnet_reference_parity_sweeps\rp_ab_01\A_project_24env_24x24\A_project_24env_24x24_20260428T142235Z\gate_or_eval_reports\eval_agent_step_000020000.json --output-md C:\Projects\UnityRTSPrototype\UnityRTSPrototype\WEEK5R\gridnet_reference_parity_sweeps\rp_ab_01\A_project_24env_24x24\A_project_24env_24x24_20260428T142235Z\gate_or_eval_reports\eval_agent_step_000020000.md --device cpu
2026-04-28 21:25:14,295 | INFO | update=4/17 global_step=24576 lr=0.000205882 sps=157
2026-04-28 21:25:48,769 | INFO | update=5/17 global_step=30720 lr=0.000191176 sps=161
2026-04-28 21:26:21,465 | INFO | update=6/17 global_step=36864 lr=0.000176471 sps=165
2026-04-28 21:26:54,139 | INFO | update=7/17 global_step=43008 lr=0.000161765 sps=168
2026-04-28 21:27:27,226 | INFO | update=8/17 global_step=49152 lr=0.000147059 sps=170
2026-04-28 21:27:28,726 | INFO | Saved checkpoint: C:\Projects\UnityRTSPrototype\UnityRTSPrototype\WEEK5R\gridnet_reference_parity_sweeps\rp_ab_01\A_project_24env_24x24\A_project_24env_24x24_20260428T142235Z\checkpoints\agent_step_000050000.pt
2026-04-28 21:27:28,726 | INFO | Running gridnet actor-level evaluator: C:\Projects\UnityRTSPrototype\UnityRTSPrototype\python\week5_teacher\.venv_day2_py39\Scripts\python.exe C:\Projects\UnityRTSPrototype\UnityRTSPrototype\python\week5_teacher_gridnet\evaluate_gridnet_actor_level.py --checkpoint C:\Projects\UnityRTSPrototype\UnityRTSPrototype\WEEK5R\gridnet_reference_parity_sweeps\rp_ab_01\A_project_24env_24x24\A_project_24env_24x24_20260428T142235Z\checkpoints\agent_step_000050000.pt --model-metadata C:\Projects\UnityRTSPrototype\UnityRTSPrototype\WEEK5R\gridnet_reference_parity_sweeps\rp_ab_01\A_project_24env_24x24\A_project_24env_24x24_20260428T142235Z\model_metadata.json --episodes 4 --max-steps 256 --effective-steps 100 --seed 1 --map-path maps/24x24/basesWorkers24x24.xml --output-json C:\Projects\UnityRTSPrototype\UnityRTSPrototype\WEEK5R\gridnet_reference_parity_sweeps\rp_ab_01\A_project_24env_24x24\A_project_24env_24x24_20260428T142235Z\gate_or_eval_reports\eval_agent_step_000050000.json --output-md C:\Projects\UnityRTSPrototype\UnityRTSPrototype\WEEK5R\gridnet_reference_parity_sweeps\rp_ab_01\A_project_24env_24x24\A_project_24env_24x24_20260428T142235Z\gate_or_eval_reports\eval_agent_step_000050000.md --device cpu
2026-04-28 21:28:06,291 | INFO | update=9/17 global_step=55296 lr=0.000132353 sps=168
2026-04-28 21:28:39,367 | INFO | update=10/17 global_step=61440 lr=0.000117647 sps=170
2026-04-28 21:29:12,276 | INFO | update=11/17 global_step=67584 lr=0.000102941 sps=171
2026-04-28 21:29:46,505 | INFO | update=12/17 global_step=73728 lr=8.82353e-05 sps=172
2026-04-28 21:30:19,883 | INFO | update=13/17 global_step=79872 lr=7.35294e-05 sps=173
2026-04-28 21:30:53,212 | INFO | update=14/17 global_step=86016 lr=5.88235e-05 sps=173
2026-04-28 21:31:24,972 | INFO | update=15/17 global_step=92160 lr=4.41176e-05 sps=174
2026-04-28 21:31:56,715 | INFO | update=16/17 global_step=98304 lr=2.94118e-05 sps=176
2026-04-28 21:31:59,535 | INFO | Saved checkpoint: C:\Projects\UnityRTSPrototype\UnityRTSPrototype\WEEK5R\gridnet_reference_parity_sweeps\rp_ab_01\A_project_24env_24x24\A_project_24env_24x24_20260428T142235Z\checkpoints\agent_step_000100000.pt
2026-04-28 21:31:59,536 | INFO | Running gridnet actor-level evaluator: C:\Projects\UnityRTSPrototype\UnityRTSPrototype\python\week5_teacher\.venv_day2_py39\Scripts\python.exe C:\Projects\UnityRTSPrototype\UnityRTSPrototype\python\week5_teacher_gridnet\evaluate_gridnet_actor_level.py --checkpoint C:\Projects\UnityRTSPrototype\UnityRTSPrototype\WEEK5R\gridnet_reference_parity_sweeps\rp_ab_01\A_project_24env_24x24\A_project_24env_24x24_20260428T142235Z\checkpoints\agent_step_000100000.pt --model-metadata C:\Projects\UnityRTSPrototype\UnityRTSPrototype\WEEK5R\gridnet_reference_parity_sweeps\rp_ab_01\A_project_24env_24x24\A_project_24env_24x24_20260428T142235Z\model_metadata.json --episodes 4 --max-steps 256 --effective-steps 100 --seed 1 --map-path maps/24x24/basesWorkers24x24.xml --output-json C:\Projects\UnityRTSPrototype\UnityRTSPrototype\WEEK5R\gridnet_reference_parity_sweeps\rp_ab_01\A_project_24env_24x24\A_project_24env_24x24_20260428T142235Z\gate_or_eval_reports\eval_agent_step_000100000.json --output-md C:\Projects\UnityRTSPrototype\UnityRTSPrototype\WEEK5R\gridnet_reference_parity_sweeps\rp_ab_01\A_project_24env_24x24\A_project_24env_24x24_20260428T142235Z\gate_or_eval_reports\eval_agent_step_000100000.md --device cpu
2026-04-28 21:32:33,519 | INFO | update=17/17 global_step=104448 lr=1.47059e-05 sps=175
2026-04-28 21:32:33,522 | INFO | Running gridnet actor-level evaluator: C:\Projects\UnityRTSPrototype\UnityRTSPrototype\python\week5_teacher\.venv_day2_py39\Scripts\python.exe C:\Projects\UnityRTSPrototype\UnityRTSPrototype\python\week5_teacher_gridnet\evaluate_gridnet_actor_level.py --checkpoint C:\Projects\UnityRTSPrototype\UnityRTSPrototype\WEEK5R\gridnet_reference_parity_sweeps\rp_ab_01\A_project_24env_24x24\A_project_24env_24x24_20260428T142235Z\agent_final.pt --model-metadata C:\Projects\UnityRTSPrototype\UnityRTSPrototype\WEEK5R\gridnet_reference_parity_sweeps\rp_ab_01\A_project_24env_24x24\A_project_24env_24x24_20260428T142235Z\model_metadata.json --episodes 4 --max-steps 256 --effective-steps 100 --seed 1 --map-path maps/24x24/basesWorkers24x24.xml --output-json C:\Projects\UnityRTSPrototype\UnityRTSPrototype\WEEK5R\gridnet_reference_parity_sweeps\rp_ab_01\A_project_24env_24x24\A_project_24env_24x24_20260428T142235Z\gate_or_eval_reports\eval_agent_final.json --output-md C:\Projects\UnityRTSPrototype\UnityRTSPrototype\WEEK5R\gridnet_reference_parity_sweeps\rp_ab_01\A_project_24env_24x24\A_project_24env_24x24_20260428T142235Z\gate_or_eval_reports\eval_agent_final.md --device cpu
2026-04-28 21:32:38,901 | INFO | Training finished. Final model: C:\Projects\UnityRTSPrototype\UnityRTSPrototype\WEEK5R\gridnet_reference_parity_sweeps\rp_ab_01\A_project_24env_24x24\A_project_24env_24x24_20260428T142235Z\agent_final.pt
2026-04-28 21:32:38,901 | INFO | Run summary: C:\Projects\UnityRTSPrototype\UnityRTSPrototype\WEEK5R\gridnet_reference_parity_sweeps\rp_ab_01\A_project_24env_24x24\A_project_24env_24x24_20260428T142235Z\summary.md
