2026-04-29 00:15:00,556 | INFO | Opponent setup: curriculum_mode=passive_warmup phase=diverse num_bot_envs=24 pool=['randomBiasedAI', 'lightRushAI', 'workerRushAI', 'coacAI']
2026-04-29 00:15:00,556 | INFO | Observation shape: (24, 24, 27)
2026-04-29 00:15:00,556 | INFO | Action nvec: [576, 6, 4, 4, 4, 4, 7, 49]
2026-04-29 00:15:00,556 | INFO | Actor branch sizes: [6, 4, 4, 4, 4, 7, 49] (sum=78)
2026-04-29 00:15:00,727 | INFO | Resuming model weights from checkpoint: C:\Projects\UnityRTSPrototype\UnityRTSPrototype\WEEK5R\gridnet_recipe_sweeps\gridnet_recipe_redesign_20260428T165756Z\C_passive_warmup_entropy_decay\C_passive_warmup_entropy_decay_stage1_20260428T170933Z\agent_final.pt
2026-04-29 00:15:00,732 | INFO | Loaded resume metadata: C:\Projects\UnityRTSPrototype\UnityRTSPrototype\WEEK5R\gridnet_recipe_sweeps\gridnet_recipe_redesign_20260428T165756Z\C_passive_warmup_entropy_decay\C_passive_warmup_entropy_decay_stage1_20260428T170933Z\model_metadata.json
2026-04-29 00:15:01,462 | INFO | TensorBoard disabled by flag; tb_log_dir=C:\Projects\UnityRTSPrototype\UnityRTSPrototype\WEEK5R\gridnet_recipe_sweeps\gridnet_recipe_redesign_20260428T165756Z\C_passive_warmup_entropy_decay\C_passive_warmup_entropy_decay_stage2_20260428T171458Z\tb\gridnet_project__1__20260428T171501Z_56f1c9b4
2026-04-29 00:15:36,999 | INFO | update=1/9 global_step=56144 lr=0.00025 ent_coef=0.01 curriculum_phase=diverse sps=1583
2026-04-29 00:16:12,861 | INFO | update=2/9 global_step=62288 lr=0.000222222 ent_coef=0.0088125 curriculum_phase=diverse sps=873
2026-04-29 00:16:47,998 | INFO | update=3/9 global_step=68432 lr=0.000194444 ent_coef=0.007625 curriculum_phase=diverse sps=642
2026-04-29 00:17:23,901 | INFO | update=4/9 global_step=74576 lr=0.000166667 ent_coef=0.0064375 curriculum_phase=diverse sps=523
2026-04-29 00:17:59,902 | INFO | update=5/9 global_step=80720 lr=0.000138889 ent_coef=0.00525 curriculum_phase=diverse sps=452
2026-04-29 00:18:35,850 | INFO | update=6/9 global_step=86864 lr=0.000111111 ent_coef=0.0040625 curriculum_phase=diverse sps=405
2026-04-29 00:19:11,737 | INFO | update=7/9 global_step=93008 lr=8.33333e-05 ent_coef=0.002875 curriculum_phase=diverse sps=371
2026-04-29 00:19:47,810 | INFO | update=8/9 global_step=99152 lr=5.55556e-05 ent_coef=0.0016875 curriculum_phase=diverse sps=346
2026-04-29 00:19:49,333 | INFO | Saved checkpoint: C:\Projects\UnityRTSPrototype\UnityRTSPrototype\WEEK5R\gridnet_recipe_sweeps\gridnet_recipe_redesign_20260428T165756Z\C_passive_warmup_entropy_decay\C_passive_warmup_entropy_decay_stage2_20260428T171458Z\checkpoints\agent_step_000100000.pt
2026-04-29 00:19:49,333 | INFO | Running gridnet actor-level evaluator: C:\Projects\UnityRTSPrototype\UnityRTSPrototype\python\week5_teacher\.venv_day2_py39\Scripts\python.exe C:\Projects\UnityRTSPrototype\UnityRTSPrototype\python\week5_teacher_gridnet\evaluate_gridnet_actor_level.py --checkpoint C:\Projects\UnityRTSPrototype\UnityRTSPrototype\WEEK5R\gridnet_recipe_sweeps\gridnet_recipe_redesign_20260428T165756Z\C_passive_warmup_entropy_decay\C_passive_warmup_entropy_decay_stage2_20260428T171458Z\checkpoints\agent_step_000100000.pt --model-metadata C:\Projects\UnityRTSPrototype\UnityRTSPrototype\WEEK5R\gridnet_recipe_sweeps\gridnet_recipe_redesign_20260428T165756Z\C_passive_warmup_entropy_decay\C_passive_warmup_entropy_decay_stage2_20260428T171458Z\model_metadata.json --episodes 4 --max-steps 256 --effective-steps 100 --seed 1 --map-path maps/24x24/basesWorkers24x24.xml --output-json C:\Projects\UnityRTSPrototype\UnityRTSPrototype\WEEK5R\gridnet_recipe_sweeps\gridnet_recipe_redesign_20260428T165756Z\C_passive_warmup_entropy_decay\C_passive_warmup_entropy_decay_stage2_20260428T171458Z\gate_or_eval_reports\eval_agent_step_000100000.json --output-md C:\Projects\UnityRTSPrototype\UnityRTSPrototype\WEEK5R\gridnet_recipe_sweeps\gridnet_recipe_redesign_20260428T165756Z\C_passive_warmup_entropy_decay\C_passive_warmup_entropy_decay_stage2_20260428T171458Z\gate_or_eval_reports\eval_agent_step_000100000.md --device cpu
2026-04-29 00:20:29,317 | INFO | update=9/9 global_step=105296 lr=2.77778e-05 ent_coef=0.0005 curriculum_phase=diverse sps=321
2026-04-29 00:20:29,321 | INFO | Running gridnet actor-level evaluator: C:\Projects\UnityRTSPrototype\UnityRTSPrototype\python\week5_teacher\.venv_day2_py39\Scripts\python.exe C:\Projects\UnityRTSPrototype\UnityRTSPrototype\python\week5_teacher_gridnet\evaluate_gridnet_actor_level.py --checkpoint C:\Projects\UnityRTSPrototype\UnityRTSPrototype\WEEK5R\gridnet_recipe_sweeps\gridnet_recipe_redesign_20260428T165756Z\C_passive_warmup_entropy_decay\C_passive_warmup_entropy_decay_stage2_20260428T171458Z\agent_final.pt --model-metadata C:\Projects\UnityRTSPrototype\UnityRTSPrototype\WEEK5R\gridnet_recipe_sweeps\gridnet_recipe_redesign_20260428T165756Z\C_passive_warmup_entropy_decay\C_passive_warmup_entropy_decay_stage2_20260428T171458Z\model_metadata.json --episodes 4 --max-steps 256 --effective-steps 100 --seed 1 --map-path maps/24x24/basesWorkers24x24.xml --output-json C:\Projects\UnityRTSPrototype\UnityRTSPrototype\WEEK5R\gridnet_recipe_sweeps\gridnet_recipe_redesign_20260428T165756Z\C_passive_warmup_entropy_decay\C_passive_warmup_entropy_decay_stage2_20260428T171458Z\gate_or_eval_reports\eval_agent_final.json --output-md C:\Projects\UnityRTSPrototype\UnityRTSPrototype\WEEK5R\gridnet_recipe_sweeps\gridnet_recipe_redesign_20260428T165756Z\C_passive_warmup_entropy_decay\C_passive_warmup_entropy_decay_stage2_20260428T171458Z\gate_or_eval_reports\eval_agent_final.md --device cpu
2026-04-29 00:20:35,056 | INFO | Training finished. Final model: C:\Projects\UnityRTSPrototype\UnityRTSPrototype\WEEK5R\gridnet_recipe_sweeps\gridnet_recipe_redesign_20260428T165756Z\C_passive_warmup_entropy_decay\C_passive_warmup_entropy_decay_stage2_20260428T171458Z\agent_final.pt
2026-04-29 00:20:35,056 | INFO | Run summary: C:\Projects\UnityRTSPrototype\UnityRTSPrototype\WEEK5R\gridnet_recipe_sweeps\gridnet_recipe_redesign_20260428T165756Z\C_passive_warmup_entropy_decay\C_passive_warmup_entropy_decay_stage2_20260428T171458Z\summary.md
