2026-04-28 23:57:59,239 | INFO | Opponent setup: curriculum_mode=none phase=single num_bot_envs=24 pool=['randomBiasedAI', 'randomBiasedAI', 'lightRushAI', 'lightRushAI', 'workerRushAI', 'workerRushAI', 'coacAI']
2026-04-28 23:57:59,239 | INFO | Observation shape: (24, 24, 27)
2026-04-28 23:57:59,239 | INFO | Action nvec: [576, 6, 4, 4, 4, 4, 7, 49]
2026-04-28 23:57:59,239 | INFO | Actor branch sizes: [6, 4, 4, 4, 4, 7, 49] (sum=78)
2026-04-28 23:58:00,074 | INFO | TensorBoard disabled by flag; tb_log_dir=C:\Projects\UnityRTSPrototype\UnityRTSPrototype\WEEK5R\gridnet_recipe_sweeps\gridnet_recipe_redesign_20260428T165756Z\B_entropy_decay\B_entropy_decay_20260428T165757Z\tb\gridnet_project__1__20260428T165800Z_e35b19e2
2026-04-28 23:58:37,463 | INFO | update=1/17 global_step=6144 lr=0.00025 ent_coef=0.01 curriculum_phase=single sps=164
2026-04-28 23:59:14,311 | INFO | update=2/17 global_step=12288 lr=0.000235294 ent_coef=0.00940625 curriculum_phase=single sps=165
2026-04-28 23:59:50,306 | INFO | update=3/17 global_step=18432 lr=0.000220588 ent_coef=0.0088125 curriculum_phase=single sps=167
2026-04-28 23:59:53,098 | INFO | Saved checkpoint: C:\Projects\UnityRTSPrototype\UnityRTSPrototype\WEEK5R\gridnet_recipe_sweeps\gridnet_recipe_redesign_20260428T165756Z\B_entropy_decay\B_entropy_decay_20260428T165757Z\checkpoints\agent_step_000020000.pt
2026-04-28 23:59:53,099 | INFO | Running gridnet actor-level evaluator: C:\Projects\UnityRTSPrototype\UnityRTSPrototype\python\week5_teacher\.venv_day2_py39\Scripts\python.exe C:\Projects\UnityRTSPrototype\UnityRTSPrototype\python\week5_teacher_gridnet\evaluate_gridnet_actor_level.py --checkpoint C:\Projects\UnityRTSPrototype\UnityRTSPrototype\WEEK5R\gridnet_recipe_sweeps\gridnet_recipe_redesign_20260428T165756Z\B_entropy_decay\B_entropy_decay_20260428T165757Z\checkpoints\agent_step_000020000.pt --model-metadata C:\Projects\UnityRTSPrototype\UnityRTSPrototype\WEEK5R\gridnet_recipe_sweeps\gridnet_recipe_redesign_20260428T165756Z\B_entropy_decay\B_entropy_decay_20260428T165757Z\model_metadata.json --episodes 4 --max-steps 256 --effective-steps 100 --seed 1 --map-path maps/24x24/basesWorkers24x24.xml --output-json C:\Projects\UnityRTSPrototype\UnityRTSPrototype\WEEK5R\gridnet_recipe_sweeps\gridnet_recipe_redesign_20260428T165756Z\B_entropy_decay\B_entropy_decay_20260428T165757Z\gate_or_eval_reports\eval_agent_step_000020000.json --output-md C:\Projects\UnityRTSPrototype\UnityRTSPrototype\WEEK5R\gridnet_recipe_sweeps\gridnet_recipe_redesign_20260428T165756Z\B_entropy_decay\B_entropy_decay_20260428T165757Z\gate_or_eval_reports\eval_agent_step_000020000.md --device cpu
2026-04-29 00:00:32,164 | INFO | update=4/17 global_step=24576 lr=0.000205882 ent_coef=0.00821875 curriculum_phase=single sps=161
2026-04-29 00:01:08,319 | INFO | update=5/17 global_step=30720 lr=0.000191176 ent_coef=0.007625 curriculum_phase=single sps=163
2026-04-29 00:01:41,942 | INFO | update=6/17 global_step=36864 lr=0.000176471 ent_coef=0.00703125 curriculum_phase=single sps=166
2026-04-29 00:02:15,193 | INFO | update=7/17 global_step=43008 lr=0.000161765 ent_coef=0.0064375 curriculum_phase=single sps=168
2026-04-29 00:02:49,014 | INFO | update=8/17 global_step=49152 lr=0.000147059 ent_coef=0.00584375 curriculum_phase=single sps=170
2026-04-29 00:02:50,495 | INFO | Saved checkpoint: C:\Projects\UnityRTSPrototype\UnityRTSPrototype\WEEK5R\gridnet_recipe_sweeps\gridnet_recipe_redesign_20260428T165756Z\B_entropy_decay\B_entropy_decay_20260428T165757Z\checkpoints\agent_step_000050000.pt
2026-04-29 00:02:50,495 | INFO | Running gridnet actor-level evaluator: C:\Projects\UnityRTSPrototype\UnityRTSPrototype\python\week5_teacher\.venv_day2_py39\Scripts\python.exe C:\Projects\UnityRTSPrototype\UnityRTSPrototype\python\week5_teacher_gridnet\evaluate_gridnet_actor_level.py --checkpoint C:\Projects\UnityRTSPrototype\UnityRTSPrototype\WEEK5R\gridnet_recipe_sweeps\gridnet_recipe_redesign_20260428T165756Z\B_entropy_decay\B_entropy_decay_20260428T165757Z\checkpoints\agent_step_000050000.pt --model-metadata C:\Projects\UnityRTSPrototype\UnityRTSPrototype\WEEK5R\gridnet_recipe_sweeps\gridnet_recipe_redesign_20260428T165756Z\B_entropy_decay\B_entropy_decay_20260428T165757Z\model_metadata.json --episodes 4 --max-steps 256 --effective-steps 100 --seed 1 --map-path maps/24x24/basesWorkers24x24.xml --output-json C:\Projects\UnityRTSPrototype\UnityRTSPrototype\WEEK5R\gridnet_recipe_sweeps\gridnet_recipe_redesign_20260428T165756Z\B_entropy_decay\B_entropy_decay_20260428T165757Z\gate_or_eval_reports\eval_agent_step_000050000.json --output-md C:\Projects\UnityRTSPrototype\UnityRTSPrototype\WEEK5R\gridnet_recipe_sweeps\gridnet_recipe_redesign_20260428T165756Z\B_entropy_decay\B_entropy_decay_20260428T165757Z\gate_or_eval_reports\eval_agent_step_000050000.md --device cpu
2026-04-29 00:03:28,712 | INFO | update=9/17 global_step=55296 lr=0.000132353 ent_coef=0.00525 curriculum_phase=single sps=168
2026-04-29 00:04:02,648 | INFO | update=10/17 global_step=61440 lr=0.000117647 ent_coef=0.00465625 curriculum_phase=single sps=169
2026-04-29 00:04:36,244 | INFO | update=11/17 global_step=67584 lr=0.000102941 ent_coef=0.0040625 curriculum_phase=single sps=170
2026-04-29 00:05:10,114 | INFO | update=12/17 global_step=73728 lr=8.82353e-05 ent_coef=0.00346875 curriculum_phase=single sps=171
2026-04-29 00:05:43,794 | INFO | update=13/17 global_step=79872 lr=7.35294e-05 ent_coef=0.002875 curriculum_phase=single sps=172
2026-04-29 00:06:17,088 | INFO | update=14/17 global_step=86016 lr=5.88235e-05 ent_coef=0.00228125 curriculum_phase=single sps=173
2026-04-29 00:06:51,284 | INFO | update=15/17 global_step=92160 lr=4.41176e-05 ent_coef=0.0016875 curriculum_phase=single sps=173
2026-04-29 00:07:24,791 | INFO | update=16/17 global_step=98304 lr=2.94118e-05 ent_coef=0.00109375 curriculum_phase=single sps=174
2026-04-29 00:07:27,731 | INFO | Saved checkpoint: C:\Projects\UnityRTSPrototype\UnityRTSPrototype\WEEK5R\gridnet_recipe_sweeps\gridnet_recipe_redesign_20260428T165756Z\B_entropy_decay\B_entropy_decay_20260428T165757Z\checkpoints\agent_step_000100000.pt
2026-04-29 00:07:27,731 | INFO | Running gridnet actor-level evaluator: C:\Projects\UnityRTSPrototype\UnityRTSPrototype\python\week5_teacher\.venv_day2_py39\Scripts\python.exe C:\Projects\UnityRTSPrototype\UnityRTSPrototype\python\week5_teacher_gridnet\evaluate_gridnet_actor_level.py --checkpoint C:\Projects\UnityRTSPrototype\UnityRTSPrototype\WEEK5R\gridnet_recipe_sweeps\gridnet_recipe_redesign_20260428T165756Z\B_entropy_decay\B_entropy_decay_20260428T165757Z\checkpoints\agent_step_000100000.pt --model-metadata C:\Projects\UnityRTSPrototype\UnityRTSPrototype\WEEK5R\gridnet_recipe_sweeps\gridnet_recipe_redesign_20260428T165756Z\B_entropy_decay\B_entropy_decay_20260428T165757Z\model_metadata.json --episodes 4 --max-steps 256 --effective-steps 100 --seed 1 --map-path maps/24x24/basesWorkers24x24.xml --output-json C:\Projects\UnityRTSPrototype\UnityRTSPrototype\WEEK5R\gridnet_recipe_sweeps\gridnet_recipe_redesign_20260428T165756Z\B_entropy_decay\B_entropy_decay_20260428T165757Z\gate_or_eval_reports\eval_agent_step_000100000.json --output-md C:\Projects\UnityRTSPrototype\UnityRTSPrototype\WEEK5R\gridnet_recipe_sweeps\gridnet_recipe_redesign_20260428T165756Z\B_entropy_decay\B_entropy_decay_20260428T165757Z\gate_or_eval_reports\eval_agent_step_000100000.md --device cpu
2026-04-29 00:08:04,389 | INFO | update=17/17 global_step=104448 lr=1.47059e-05 ent_coef=0.0005 curriculum_phase=single sps=172
2026-04-29 00:08:04,393 | INFO | Running gridnet actor-level evaluator: C:\Projects\UnityRTSPrototype\UnityRTSPrototype\python\week5_teacher\.venv_day2_py39\Scripts\python.exe C:\Projects\UnityRTSPrototype\UnityRTSPrototype\python\week5_teacher_gridnet\evaluate_gridnet_actor_level.py --checkpoint C:\Projects\UnityRTSPrototype\UnityRTSPrototype\WEEK5R\gridnet_recipe_sweeps\gridnet_recipe_redesign_20260428T165756Z\B_entropy_decay\B_entropy_decay_20260428T165757Z\agent_final.pt --model-metadata C:\Projects\UnityRTSPrototype\UnityRTSPrototype\WEEK5R\gridnet_recipe_sweeps\gridnet_recipe_redesign_20260428T165756Z\B_entropy_decay\B_entropy_decay_20260428T165757Z\model_metadata.json --episodes 4 --max-steps 256 --effective-steps 100 --seed 1 --map-path maps/24x24/basesWorkers24x24.xml --output-json C:\Projects\UnityRTSPrototype\UnityRTSPrototype\WEEK5R\gridnet_recipe_sweeps\gridnet_recipe_redesign_20260428T165756Z\B_entropy_decay\B_entropy_decay_20260428T165757Z\gate_or_eval_reports\eval_agent_final.json --output-md C:\Projects\UnityRTSPrototype\UnityRTSPrototype\WEEK5R\gridnet_recipe_sweeps\gridnet_recipe_redesign_20260428T165756Z\B_entropy_decay\B_entropy_decay_20260428T165757Z\gate_or_eval_reports\eval_agent_final.md --device cpu
2026-04-29 00:08:10,134 | INFO | Training finished. Final model: C:\Projects\UnityRTSPrototype\UnityRTSPrototype\WEEK5R\gridnet_recipe_sweeps\gridnet_recipe_redesign_20260428T165756Z\B_entropy_decay\B_entropy_decay_20260428T165757Z\agent_final.pt
2026-04-29 00:08:10,134 | INFO | Run summary: C:\Projects\UnityRTSPrototype\UnityRTSPrototype\WEEK5R\gridnet_recipe_sweeps\gridnet_recipe_redesign_20260428T165756Z\B_entropy_decay\B_entropy_decay_20260428T165757Z\summary.md
