2026-04-28 23:40:12,786 | INFO | Opponent setup: curriculum_mode=none phase=single num_bot_envs=24 pool=['randomBiasedAI', 'randomBiasedAI', 'lightRushAI', 'lightRushAI', 'workerRushAI', 'workerRushAI', 'coacAI']
2026-04-28 23:40:12,786 | INFO | Observation shape: (24, 24, 27)
2026-04-28 23:40:12,786 | INFO | Action nvec: [576, 6, 4, 4, 4, 4, 7, 49]
2026-04-28 23:40:12,786 | INFO | Actor branch sizes: [6, 4, 4, 4, 4, 7, 49] (sum=78)
2026-04-28 23:40:51,952 | INFO | update=1/17 global_step=6144 lr=0.00025 ent_coef=0.001 curriculum_phase=single sps=160
2026-04-28 23:41:26,974 | INFO | update=2/17 global_step=12288 lr=0.000235294 ent_coef=0.001 curriculum_phase=single sps=167
2026-04-28 23:42:03,418 | INFO | update=3/17 global_step=18432 lr=0.000220588 ent_coef=0.001 curriculum_phase=single sps=168
2026-04-28 23:42:06,226 | INFO | Saved checkpoint: C:\Projects\UnityRTSPrototype\UnityRTSPrototype\WEEK5R\gridnet_recipe_sweeps\gridnet_recipe_redesign_20260428T164010Z\A_low_entropy\A_low_entropy_20260428T164010Z\checkpoints\agent_step_000020000.pt
2026-04-28 23:42:06,227 | INFO | Running gridnet actor-level evaluator: C:\Projects\UnityRTSPrototype\UnityRTSPrototype\python\week5_teacher\.venv_day2_py39\Scripts\python.exe C:\Projects\UnityRTSPrototype\UnityRTSPrototype\python\week5_teacher_gridnet\evaluate_gridnet_actor_level.py --checkpoint C:\Projects\UnityRTSPrototype\UnityRTSPrototype\WEEK5R\gridnet_recipe_sweeps\gridnet_recipe_redesign_20260428T164010Z\A_low_entropy\A_low_entropy_20260428T164010Z\checkpoints\agent_step_000020000.pt --model-metadata C:\Projects\UnityRTSPrototype\UnityRTSPrototype\WEEK5R\gridnet_recipe_sweeps\gridnet_recipe_redesign_20260428T164010Z\A_low_entropy\A_low_entropy_20260428T164010Z\model_metadata.json --episodes 4 --max-steps 256 --effective-steps 100 --seed 1 --map-path maps/24x24/basesWorkers24x24.xml --output-json C:\Projects\UnityRTSPrototype\UnityRTSPrototype\WEEK5R\gridnet_recipe_sweeps\gridnet_recipe_redesign_20260428T164010Z\A_low_entropy\A_low_entropy_20260428T164010Z\gate_or_eval_reports\eval_agent_step_000020000.json --output-md C:\Projects\UnityRTSPrototype\UnityRTSPrototype\WEEK5R\gridnet_recipe_sweeps\gridnet_recipe_redesign_20260428T164010Z\A_low_entropy\A_low_entropy_20260428T164010Z\gate_or_eval_reports\eval_agent_step_000020000.md --device cpu
2026-04-28 23:42:42,367 | INFO | update=4/17 global_step=24576 lr=0.000205882 ent_coef=0.001 curriculum_phase=single sps=165
2026-04-28 23:43:15,262 | INFO | update=5/17 global_step=30720 lr=0.000191176 ent_coef=0.001 curriculum_phase=single sps=169
2026-04-28 23:43:48,070 | INFO | update=6/17 global_step=36864 lr=0.000176471 ent_coef=0.001 curriculum_phase=single sps=172
2026-04-28 23:44:21,133 | INFO | update=7/17 global_step=43008 lr=0.000161765 ent_coef=0.001 curriculum_phase=single sps=173
2026-04-28 23:44:54,693 | INFO | update=8/17 global_step=49152 lr=0.000147059 ent_coef=0.001 curriculum_phase=single sps=174
2026-04-28 23:44:56,185 | INFO | Saved checkpoint: C:\Projects\UnityRTSPrototype\UnityRTSPrototype\WEEK5R\gridnet_recipe_sweeps\gridnet_recipe_redesign_20260428T164010Z\A_low_entropy\A_low_entropy_20260428T164010Z\checkpoints\agent_step_000050000.pt
2026-04-28 23:44:56,185 | INFO | Running gridnet actor-level evaluator: C:\Projects\UnityRTSPrototype\UnityRTSPrototype\python\week5_teacher\.venv_day2_py39\Scripts\python.exe C:\Projects\UnityRTSPrototype\UnityRTSPrototype\python\week5_teacher_gridnet\evaluate_gridnet_actor_level.py --checkpoint C:\Projects\UnityRTSPrototype\UnityRTSPrototype\WEEK5R\gridnet_recipe_sweeps\gridnet_recipe_redesign_20260428T164010Z\A_low_entropy\A_low_entropy_20260428T164010Z\checkpoints\agent_step_000050000.pt --model-metadata C:\Projects\UnityRTSPrototype\UnityRTSPrototype\WEEK5R\gridnet_recipe_sweeps\gridnet_recipe_redesign_20260428T164010Z\A_low_entropy\A_low_entropy_20260428T164010Z\model_metadata.json --episodes 4 --max-steps 256 --effective-steps 100 --seed 1 --map-path maps/24x24/basesWorkers24x24.xml --output-json C:\Projects\UnityRTSPrototype\UnityRTSPrototype\WEEK5R\gridnet_recipe_sweeps\gridnet_recipe_redesign_20260428T164010Z\A_low_entropy\A_low_entropy_20260428T164010Z\gate_or_eval_reports\eval_agent_step_000050000.json --output-md C:\Projects\UnityRTSPrototype\UnityRTSPrototype\WEEK5R\gridnet_recipe_sweeps\gridnet_recipe_redesign_20260428T164010Z\A_low_entropy\A_low_entropy_20260428T164010Z\gate_or_eval_reports\eval_agent_step_000050000.md --device cpu
2026-04-28 23:45:33,673 | INFO | update=9/17 global_step=55296 lr=0.000132353 ent_coef=0.001 curriculum_phase=single sps=172
2026-04-28 23:46:06,884 | INFO | update=10/17 global_step=61440 lr=0.000117647 ent_coef=0.001 curriculum_phase=single sps=173
2026-04-28 23:46:40,184 | INFO | update=11/17 global_step=67584 lr=0.000102941 ent_coef=0.001 curriculum_phase=single sps=174
2026-04-28 23:47:13,436 | INFO | update=12/17 global_step=73728 lr=8.82353e-05 ent_coef=0.001 curriculum_phase=single sps=175
2026-04-28 23:47:46,599 | INFO | update=13/17 global_step=79872 lr=7.35294e-05 ent_coef=0.001 curriculum_phase=single sps=176
2026-04-28 23:48:19,822 | INFO | update=14/17 global_step=86016 lr=5.88235e-05 ent_coef=0.001 curriculum_phase=single sps=176
2026-04-28 23:48:53,207 | INFO | update=15/17 global_step=92160 lr=4.41176e-05 ent_coef=0.001 curriculum_phase=single sps=177
2026-04-28 23:49:26,726 | INFO | update=16/17 global_step=98304 lr=2.94118e-05 ent_coef=0.001 curriculum_phase=single sps=177
2026-04-28 23:49:29,705 | INFO | Saved checkpoint: C:\Projects\UnityRTSPrototype\UnityRTSPrototype\WEEK5R\gridnet_recipe_sweeps\gridnet_recipe_redesign_20260428T164010Z\A_low_entropy\A_low_entropy_20260428T164010Z\checkpoints\agent_step_000100000.pt
2026-04-28 23:49:29,705 | INFO | Running gridnet actor-level evaluator: C:\Projects\UnityRTSPrototype\UnityRTSPrototype\python\week5_teacher\.venv_day2_py39\Scripts\python.exe C:\Projects\UnityRTSPrototype\UnityRTSPrototype\python\week5_teacher_gridnet\evaluate_gridnet_actor_level.py --checkpoint C:\Projects\UnityRTSPrototype\UnityRTSPrototype\WEEK5R\gridnet_recipe_sweeps\gridnet_recipe_redesign_20260428T164010Z\A_low_entropy\A_low_entropy_20260428T164010Z\checkpoints\agent_step_000100000.pt --model-metadata C:\Projects\UnityRTSPrototype\UnityRTSPrototype\WEEK5R\gridnet_recipe_sweeps\gridnet_recipe_redesign_20260428T164010Z\A_low_entropy\A_low_entropy_20260428T164010Z\model_metadata.json --episodes 4 --max-steps 256 --effective-steps 100 --seed 1 --map-path maps/24x24/basesWorkers24x24.xml --output-json C:\Projects\UnityRTSPrototype\UnityRTSPrototype\WEEK5R\gridnet_recipe_sweeps\gridnet_recipe_redesign_20260428T164010Z\A_low_entropy\A_low_entropy_20260428T164010Z\gate_or_eval_reports\eval_agent_step_000100000.json --output-md C:\Projects\UnityRTSPrototype\UnityRTSPrototype\WEEK5R\gridnet_recipe_sweeps\gridnet_recipe_redesign_20260428T164010Z\A_low_entropy\A_low_entropy_20260428T164010Z\gate_or_eval_reports\eval_agent_step_000100000.md --device cpu
2026-04-28 23:50:05,776 | INFO | update=17/17 global_step=104448 lr=1.47059e-05 ent_coef=0.001 curriculum_phase=single sps=176
2026-04-28 23:50:05,779 | INFO | Running gridnet actor-level evaluator: C:\Projects\UnityRTSPrototype\UnityRTSPrototype\python\week5_teacher\.venv_day2_py39\Scripts\python.exe C:\Projects\UnityRTSPrototype\UnityRTSPrototype\python\week5_teacher_gridnet\evaluate_gridnet_actor_level.py --checkpoint C:\Projects\UnityRTSPrototype\UnityRTSPrototype\WEEK5R\gridnet_recipe_sweeps\gridnet_recipe_redesign_20260428T164010Z\A_low_entropy\A_low_entropy_20260428T164010Z\agent_final.pt --model-metadata C:\Projects\UnityRTSPrototype\UnityRTSPrototype\WEEK5R\gridnet_recipe_sweeps\gridnet_recipe_redesign_20260428T164010Z\A_low_entropy\A_low_entropy_20260428T164010Z\model_metadata.json --episodes 4 --max-steps 256 --effective-steps 100 --seed 1 --map-path maps/24x24/basesWorkers24x24.xml --output-json C:\Projects\UnityRTSPrototype\UnityRTSPrototype\WEEK5R\gridnet_recipe_sweeps\gridnet_recipe_redesign_20260428T164010Z\A_low_entropy\A_low_entropy_20260428T164010Z\gate_or_eval_reports\eval_agent_final.json --output-md C:\Projects\UnityRTSPrototype\UnityRTSPrototype\WEEK5R\gridnet_recipe_sweeps\gridnet_recipe_redesign_20260428T164010Z\A_low_entropy\A_low_entropy_20260428T164010Z\gate_or_eval_reports\eval_agent_final.md --device cpu
2026-04-28 23:50:11,591 | INFO | Training finished. Final model: C:\Projects\UnityRTSPrototype\UnityRTSPrototype\WEEK5R\gridnet_recipe_sweeps\gridnet_recipe_redesign_20260428T164010Z\A_low_entropy\A_low_entropy_20260428T164010Z\agent_final.pt
2026-04-28 23:50:11,591 | INFO | Run summary: C:\Projects\UnityRTSPrototype\UnityRTSPrototype\WEEK5R\gridnet_recipe_sweeps\gridnet_recipe_redesign_20260428T164010Z\A_low_entropy\A_low_entropy_20260428T164010Z\summary.md
